// Jest Snapshot v1, https://goo.gl/fbAQLP

exports[`snapshot 1`] = `
<div>
  <User
    onClickHandler={[Function]}
    user={
      Object {
        "email": "user1@example.com",
        "id": 1,
      }
    }
  />
  <User
    onClickHandler={[Function]}
    user={
      Object {
        "email": "user2@example.com",
        "id": 2,
      }
    }
  />
</div>
`;
